✅ D:\github.com\kangwenjun\cpprun\src\cJSON
✅ D:\github.com\kangwenjun\cpprun\src\spdlog
✅ D:\github.com\kangwenjun\cpprun\src\singleton.hpp
❌ D:\github.com\kangwenjun\cpprun\src\boostorg\gpu.cpp LINE#1
✅ D:\github.com\kangwenjun\cpprun\src\cv\auto_reset_event.hpp
❌ D:\github.com\kangwenjun\cpprun\src\cv\event.hpp LINE#1
✅ D:\github.com\kangwenjun\cpprun\src\cv\manual_reset_event.hpp
✅ D:\github.com\kangwenjun\cpprun\src\dir\dir.hpp
✅ D:\github.com\kangwenjun\cpprun\src\file\file.hpp
✅ D:\github.com\kangwenjun\cpprun\src\file\file_name_cache.hpp
✅ D:\github.com\kangwenjun\cpprun\src\format\std_format.hpp
✅ D:\github.com\kangwenjun\cpprun\src\format\std_vformat.hpp
✅ D:\github.com\kangwenjun\cpprun\src\format\va_format.hpp
✅ D:\github.com\kangwenjun\cpprun\src\mutex\safe_data.hpp
❌ D:\github.com\kangwenjun\cpprun\src\network\win_wifi_connect.cpp LINE#1
✅ D:\github.com\kangwenjun\cpprun\src\network\win_wifi_get_status.cpp
❌ D:\github.com\kangwenjun\cpprun\src\num\stoi.hpp LINE#8
✅ D:\github.com\kangwenjun\cpprun\src\str\bits_to_hex.hpp
✅ D:\github.com\kangwenjun\cpprun\src\str\hex_to_bits.hpp
✅ D:\github.com\kangwenjun\cpprun\src\time\stopwatch.hpp
✅ D:\github.com\kangwenjun\cpprun\src\time\timestamp.hpp
✅ D:\github.com\kangwenjun\cpprun\src\time\wait.hpp
